// Jest Snapshot v1, https://goo.gl/fbAQLP

exports[`UserAccount renders correctly the component 1`] = `"<button class=\\"MuiButtonBase-root MuiIconButton-root makeStyles-iconButton-1 MuiIconButton-colorSecondary\\" tabindex=\\"0\\" type=\\"button\\" aria-label=\\"icon-button\\"><span class=\\"MuiIconButton-label\\"><span class=\\"material-icons MuiIcon-root MuiIcon-fontSizeLarge\\" aria-hidden=\\"true\\" aria-haspopup=\\"true\\">account_circle</span></span></button>"`;
