// Jest Snapshot v1, https://goo.gl/fbAQLP

exports[`Select renders correctly the component 1`] = `"<div class=\\"MuiInputBase-root MuiOutlinedInput-root\\"><select class=\\"MuiSelect-root MuiSelect-select MuiSelect-outlined MuiInputBase-input MuiOutlinedInput-input MuiInputBase-inputSelect MuiOutlinedInput-inputSelect\\"></select><svg class=\\"MuiSvgIcon-root MuiSelect-icon MuiSelect-iconOutlined\\" focusable=\\"false\\" viewBox=\\"0 0 24 24\\" aria-hidden=\\"true\\" role=\\"presentation\\"><path d=\\"M7 10l5 5 5-5z\\"></path></svg><fieldset aria-hidden=\\"true\\" style=\\"padding-left:8px\\" class=\\"PrivateNotchedOutline-root-55 MuiOutlinedInput-notchedOutline\\"><legend class=\\"PrivateNotchedOutline-legend-56\\" style=\\"width:0.01px\\"><span>&#8203;</span></legend></fieldset></div>"`;
