// Jest Snapshot v1, https://goo.gl/fbAQLP

exports[`Footer renders correctly the component 1`] = `"<footer class=\\"StyledComponent-root-1\\"><div class=\\"MuiGrid-root MuiGrid-container MuiGrid-justify-xs-space-evenly\\"><p class=\\"MuiTypography-root MuiTypography-subtitle1 MuiTypography-colorTextSecondary MuiTypography-alignCenter\\">footer.title</p></div></footer>"`;
