// Jest Snapshot v1, https://goo.gl/fbAQLP

exports[`Hero renders correctly the component 1`] = `"<div class=\\"makeStyles-root-1\\" style=\\"background-image:url()\\"><h1 class=\\"MuiTypography-root makeStyles-title-2 MuiTypography-h1 MuiTypography-colorPrimary MuiTypography-alignCenter\\">hero.title</h1></div>"`;
