// Jest Snapshot v1, https://goo.gl/fbAQLP

exports[`Header renders correctly the component 1`] = `"<header id=\\"header\\" class=\\"makeStyles-root-1\\"><header class=\\"MuiPaper-root MuiPaper-elevation4 MuiAppBar-root MuiAppBar-positionStatic MuiAppBar-colorPrimary\\"><div class=\\"MuiToolbar-root MuiToolbar-regular MuiToolbar-gutters\\"><div><button class=\\"MuiButtonBase-root MuiIconButton-root makeStyles-iconButton-43 MuiIconButton-colorInherit\\" tabindex=\\"0\\" type=\\"button\\" aria-label=\\"icon-button\\"><span class=\\"MuiIconButton-label\\"><span class=\\"material-icons MuiIcon-root\\" aria-hidden=\\"true\\" aria-label=\\"sideMenu.openDrawer\\">menu</span></span></button></div><h1 class=\\"MuiTypography-root makeStyles-title-2 MuiTypography-h6 MuiTypography-colorInherit MuiTypography-noWrap\\">header.title</h1></div></header></header>"`;
