// Jest Snapshot v1, https://goo.gl/fbAQLP

exports[`Header renders correctly the component 1`] = `"<header class=\\"MuiPaper-root MuiAppBar-root MuiAppBar-positionFixed MuiAppBar-colorPrimary mui-fixed MuiPaper-elevation4\\" id=\\"header\\"><div class=\\"MuiToolbar-root MuiToolbar-regular MuiToolbar-gutters\\"><div><button class=\\"MuiButtonBase-root MuiIconButton-root makeStyles-iconButton-45 MuiIconButton-colorInherit\\" tabindex=\\"0\\" type=\\"button\\" aria-label=\\"icon-button\\"><span class=\\"MuiIconButton-label\\"><span class=\\"material-icons MuiIcon-root\\" aria-hidden=\\"true\\" aria-label=\\"sideMenu.openDrawer\\">menu</span></span></button></div><h1 class=\\"MuiTypography-root makeStyles-title-1 MuiTypography-h6 MuiTypography-colorInherit MuiTypography-noWrap\\">header.title</h1></div></header>"`;
