// Jest Snapshot v1, https://goo.gl/fbAQLP

exports[`Header renders correctly the component 1`] = `"<div class=\\"StyledComponent-root-1\\" id=\\"header\\"><header class=\\"MuiPaper-root MuiPaper-elevation4 MuiAppBar-root MuiAppBar-positionStatic MuiAppBar-colorPrimary\\"><div class=\\"MuiToolbar-root MuiToolbar-regular MuiToolbar-gutters\\"><div><button class=\\"MuiButtonBase-root MuiIconButton-root MuiIconButton-colorInherit\\" tabindex=\\"0\\" type=\\"button\\" aria-label=\\"sideMenu.openDrawer\\"><span class=\\"MuiIconButton-label\\"><svg class=\\"MuiSvgIcon-root\\" focusable=\\"false\\" viewBox=\\"0 0 24 24\\" aria-hidden=\\"true\\" role=\\"presentation\\"><path d=\\"M3 18h18v-2H3v2zm0-5h18v-2H3v2zm0-7v2h18V6H3z\\"></path></svg></span></button></div><h1 class=\\"MuiTypography-root StyledComponent-root-75 MuiTypography-h6 MuiTypography-colorInherit MuiTypography-noWrap\\"></h1></div></header></div>"`;
