// Jest Snapshot v1, https://goo.gl/fbAQLP

exports[`Pagination renders correctly the component 1`] = `"<div class=\\"makeStyles-root-1\\"><button type=\\"button\\" class=\\"makeStyles-button-2\\"><div class=\\"makeStyles-dot-3 makeStyles-active-4\\"></div></button><button type=\\"button\\" class=\\"makeStyles-button-2\\"><div class=\\"makeStyles-dot-3\\"></div></button><button type=\\"button\\" class=\\"makeStyles-button-2\\"><div class=\\"makeStyles-dot-3\\"></div></button></div>"`;
